// Vitest Snapshot v1, https://vitest.dev/guide/snapshot.html

exports[`Button 1`] = `
{
  "asFragment": [Function],
  "baseElement": <body>
    
    
    
  


    <div>
      <button>
        test button
      </button>
    </div>
  </body>,
  "container": <div>
    <button>
      test button
    </button>
  </div>,
  "debug": [Function],
  "getByAltText": [Function],
  "getByLabelText": [Function],
  "getByPlaceholder": [Function],
  "getByRole": [Function],
  "getByTestId": [Function],
  "getByText": [Function],
  "getByTitle": [Function],
  "rerender": [Function],
  "unmount": [Function],
}
`;
